// Jest Snapshot v1, https://goo.gl/fbAQLP

exports[`EditCommentIconButton should match snapshot 1`] = `
<button
  aria-label="modify"
  className="MuiButtonBase-root MuiIconButton-root"
  disabled={false}
  onBlur={[Function]}
  onClick={[Function]}
  onDragLeave={[Function]}
  onFocus={[Function]}
  onKeyDown={[Function]}
  onKeyUp={[Function]}
  onMouseDown={[Function]}
  onMouseLeave={[Function]}
  onMouseUp={[Function]}
  onTouchEnd={[Function]}
  onTouchMove={[Function]}
  onTouchStart={[Function]}
  tabIndex={0}
  type="submit"
>
  <span
    className="MuiIconButton-label"
  >
    <svg
      aria-hidden="true"
      className="MuiSvgIcon-root"
      focusable="false"
      viewBox="0 0 24 24"
    >
      <path
        d="M3 17.25V21h3.75L17.81 9.94l-3.75-3.75L3 17.25zM20.71 7.04c.39-.39.39-1.02 0-1.41l-2.34-2.34a.9959.9959 0 00-1.41 0l-1.83 1.83 3.75 3.75 1.83-1.83z"
      />
    </svg>
  </span>
</button>
`;
